<html><head><title>Simple Index</title><meta name='api-version' value='2' /></head><body>
<a href='fish/'>fish</a><br />
</body></html>
